// Jest Snapshot v1, https://goo.gl/fbAQLP

exports[`The Hero component should match snapshot 1`] = `
<Hero>
  <div
    className="w-full h-64 flex items-center justify-center"
  >
    <h1
      className="text-5xl font-bold"
    >
      FULLSTACK-JS MERN STARTER
    </h1>
  </div>
</Hero>
`;
